2026-06-15 15:18:38 0 [Note] Starting MariaDB 10.4.32-MariaDB source revision c4143f909528e3fab0677a28631d10389354c491 as process 13336
2026-06-15 15:18:38 0 [Note] InnoDB: Mutexes and rw_locks use Windows interlocked functions
2026-06-15 15:18:38 0 [Note] InnoDB: Uses event mutexes
2026-06-15 15:18:38 0 [Note] InnoDB: Compressed tables use zlib 1.3
2026-06-15 15:18:38 0 [Note] InnoDB: Number of pools: 1
2026-06-15 15:18:38 0 [Note] InnoDB: Using SSE2 crc32 instructions
2026-06-15 15:18:38 0 [Note] InnoDB: Initializing buffer pool, total size = 16M, instances = 1, chunk size = 16M
2026-06-15 15:18:38 0 [Note] InnoDB: Completed initialization of buffer pool
2026-06-15 15:18:38 0 [Note] InnoDB: Starting crash recovery from checkpoint LSN=300288
2026-06-15 15:18:38 0 [Note] InnoDB: 128 out of 128 rollback segments are active.
2026-06-15 15:18:38 0 [Note] InnoDB: Removed temporary tablespace data file: "ibtmp1"
2026-06-15 15:18:38 0 [Note] InnoDB: Creating shared tablespace for temporary tables
2026-06-15 15:18:38 0 [Note] InnoDB: Setting file 'C:\xampp\mysql\data\ibtmp1' size to 12 MB. Physically writing the file full; Please wait ...
2026-06-15 15:18:38 0 [Note] InnoDB: File 'C:\xampp\mysql\data\ibtmp1' size is now 12 MB.
2026-06-15 15:18:38 0 [Note] InnoDB: Waiting for purge to start
2026-06-15 15:18:38 0 [Note] InnoDB: 10.4.32 started; log sequence number 300297; transaction id 170
2026-06-15 15:18:38 0 [Note] InnoDB: Loading buffer pool(s) from C:\xampp\mysql\data\ib_buffer_pool
2026-06-15 15:18:38 0 [Note] Plugin 'FEEDBACK' is disabled.
2026-06-15 15:18:38 0 [Note] Server socket created on IP: '::'.
2026-06-19 18:15:45 0 [Note] Starting MariaDB 10.4.32-MariaDB source revision c4143f909528e3fab0677a28631d10389354c491 as process 10756
2026-06-19 18:15:45 0 [Note] InnoDB: Mutexes and rw_locks use Windows interlocked functions
2026-06-19 18:15:45 0 [Note] InnoDB: Uses event mutexes
2026-06-19 18:15:45 0 [Note] InnoDB: Compressed tables use zlib 1.3
2026-06-19 18:15:45 0 [Note] InnoDB: Number of pools: 1
2026-06-19 18:15:45 0 [Note] InnoDB: Using SSE2 crc32 instructions
2026-06-19 18:15:45 0 [Note] InnoDB: Initializing buffer pool, total size = 16M, instances = 1, chunk size = 16M
2026-06-19 18:15:45 0 [Note] InnoDB: Completed initialization of buffer pool
2026-06-19 18:15:45 0 [Note] InnoDB: Starting crash recovery from checkpoint LSN=303802
2026-06-19 18:15:46 0 [Note] InnoDB: 128 out of 128 rollback segments are active.
2026-06-19 18:15:46 0 [Note] InnoDB: Removed temporary tablespace data file: "ibtmp1"
2026-06-19 18:15:46 0 [Note] InnoDB: Creating shared tablespace for temporary tables
2026-06-19 18:15:46 0 [Note] InnoDB: Setting file 'C:\xampp\mysql\data\ibtmp1' size to 12 MB. Physically writing the file full; Please wait ...
2026-06-19 18:15:46 0 [Note] InnoDB: File 'C:\xampp\mysql\data\ibtmp1' size is now 12 MB.
2026-06-19 18:15:46 0 [Note] InnoDB: Waiting for purge to start
2026-06-19 18:15:46 0 [Note] InnoDB: 10.4.32 started; log sequence number 303811; transaction id 181
2026-06-19 18:15:46 0 [Note] InnoDB: Loading buffer pool(s) from C:\xampp\mysql\data\ib_buffer_pool
2026-06-19 18:15:46 0 [Note] Plugin 'FEEDBACK' is disabled.
2026-06-19 18:15:46 0 [Note] Server socket created on IP: '::'.
2026-07-06 16:34:15 0 [Note] Starting MariaDB 10.4.32-MariaDB source revision c4143f909528e3fab0677a28631d10389354c491 as process 15236
2026-07-06 16:34:15 0 [Note] InnoDB: Mutexes and rw_locks use Windows interlocked functions
2026-07-06 16:34:15 0 [Note] InnoDB: Uses event mutexes
2026-07-06 16:34:15 0 [Note] InnoDB: Compressed tables use zlib 1.3
2026-07-06 16:34:15 0 [Note] InnoDB: Number of pools: 1
2026-07-06 16:34:15 0 [Note] InnoDB: Using SSE2 crc32 instructions
2026-07-06 16:34:15 0 [Note] InnoDB: Initializing buffer pool, total size = 16M, instances = 1, chunk size = 16M
2026-07-06 16:34:15 0 [Note] InnoDB: Completed initialization of buffer pool
2026-07-06 16:34:15 0 [Note] InnoDB: Starting crash recovery from checkpoint LSN=303820
2026-07-06 16:34:15 0 [Note] InnoDB: 128 out of 128 rollback segments are active.
2026-07-06 16:34:15 0 [Note] InnoDB: Removed temporary tablespace data file: "ibtmp1"
2026-07-06 16:34:15 0 [Note] InnoDB: Creating shared tablespace for temporary tables
2026-07-06 16:34:15 0 [Note] InnoDB: Setting file 'C:\xampp\mysql\data\ibtmp1' size to 12 MB. Physically writing the file full; Please wait ...
2026-07-06 16:34:15 0 [Note] InnoDB: File 'C:\xampp\mysql\data\ibtmp1' size is now 12 MB.
2026-07-06 16:34:15 0 [Note] InnoDB: Waiting for purge to start
2026-07-06 16:34:15 0 [Note] InnoDB: 10.4.32 started; log sequence number 303829; transaction id 181
2026-07-06 16:34:15 0 [Note] InnoDB: Loading buffer pool(s) from C:\xampp\mysql\data\ib_buffer_pool
2026-07-06 16:34:15 0 [Note] Plugin 'FEEDBACK' is disabled.
2026-07-06 16:34:15 0 [Note] InnoDB: Buffer pool(s) load completed at 260706 16:34:15
2026-07-06 16:34:15 0 [Note] Server socket created on IP: '::'.
2026-07-11 18:52:39 0 [Note] Starting MariaDB 10.4.32-MariaDB source revision c4143f909528e3fab0677a28631d10389354c491 as process 3484
2026-07-11 18:52:39 0 [Note] InnoDB: Mutexes and rw_locks use Windows interlocked functions
2026-07-11 18:52:39 0 [Note] InnoDB: Uses event mutexes
2026-07-11 18:52:39 0 [Note] InnoDB: Compressed tables use zlib 1.3
2026-07-11 18:52:39 0 [Note] InnoDB: Number of pools: 1
2026-07-11 18:52:39 0 [Note] InnoDB: Using SSE2 crc32 instructions
2026-07-11 18:52:39 0 [Note] InnoDB: Initializing buffer pool, total size = 16M, instances = 1, chunk size = 16M
2026-07-11 18:52:39 0 [Note] InnoDB: Completed initialization of buffer pool
2026-07-11 18:52:39 0 [Note] InnoDB: Starting crash recovery from checkpoint LSN=407670
2026-07-11 18:52:39 0 [Note] InnoDB: 128 out of 128 rollback segments are active.
2026-07-11 18:52:39 0 [Note] InnoDB: Removed temporary tablespace data file: "ibtmp1"
2026-07-11 18:52:39 0 [Note] InnoDB: Creating shared tablespace for temporary tables
2026-07-11 18:52:39 0 [Note] InnoDB: Setting file 'C:\xampp\mysql\data\ibtmp1' size to 12 MB. Physically writing the file full; Please wait ...
2026-07-11 18:52:39 0 [Note] InnoDB: File 'C:\xampp\mysql\data\ibtmp1' size is now 12 MB.
2026-07-11 18:52:39 0 [Note] InnoDB: Waiting for purge to start
2026-07-11 18:52:39 0 [Note] InnoDB: 10.4.32 started; log sequence number 407679; transaction id 369
2026-07-11 18:52:39 0 [Note] InnoDB: Loading buffer pool(s) from C:\xampp\mysql\data\ib_buffer_pool
2026-07-11 18:52:39 0 [Note] Plugin 'FEEDBACK' is disabled.
2026-07-11 18:52:39 0 [Note] Server socket created on IP: '::'.
2026-07-13 18:48:21 0 [Note] Starting MariaDB 10.4.32-MariaDB source revision c4143f909528e3fab0677a28631d10389354c491 as process 13092
2026-07-13 18:48:21 0 [Note] InnoDB: Mutexes and rw_locks use Windows interlocked functions
2026-07-13 18:48:21 0 [Note] InnoDB: Uses event mutexes
2026-07-13 18:48:21 0 [Note] InnoDB: Compressed tables use zlib 1.3
2026-07-13 18:48:21 0 [Note] InnoDB: Number of pools: 1
2026-07-13 18:48:21 0 [Note] InnoDB: Using SSE2 crc32 instructions
2026-07-13 18:48:21 0 [Note] InnoDB: Initializing buffer pool, total size = 16M, instances = 1, chunk size = 16M
2026-07-13 18:48:21 0 [Note] InnoDB: Completed initialization of buffer pool
2026-07-13 18:48:21 0 [Note] InnoDB: Starting crash recovery from checkpoint LSN=407688
2026-07-13 18:48:21 0 [Note] InnoDB: 128 out of 128 rollback segments are active.
2026-07-13 18:48:21 0 [Note] InnoDB: Removed temporary tablespace data file: "ibtmp1"
2026-07-13 18:48:21 0 [Note] InnoDB: Creating shared tablespace for temporary tables
2026-07-13 18:48:21 0 [Note] InnoDB: Setting file 'C:\xampp\mysql\data\ibtmp1' size to 12 MB. Physically writing the file full; Please wait ...
2026-07-13 18:48:21 0 [Note] InnoDB: File 'C:\xampp\mysql\data\ibtmp1' size is now 12 MB.
2026-07-13 18:48:21 0 [Note] InnoDB: Waiting for purge to start
2026-07-13 18:48:21 0 [Note] InnoDB: 10.4.32 started; log sequence number 407697; transaction id 369
2026-07-13 18:48:21 0 [Note] InnoDB: Loading buffer pool(s) from C:\xampp\mysql\data\ib_buffer_pool
2026-07-13 18:48:21 0 [Note] Plugin 'FEEDBACK' is disabled.
2026-07-13 18:48:21 0 [Note] Server socket created on IP: '::'.
2026-07-14 12:46:35 0 [Note] Starting MariaDB 10.4.32-MariaDB source revision c4143f909528e3fab0677a28631d10389354c491 as process 10012
2026-07-14 12:46:35 0 [Note] InnoDB: Mutexes and rw_locks use Windows interlocked functions
2026-07-14 12:46:35 0 [Note] InnoDB: Uses event mutexes
2026-07-14 12:46:35 0 [Note] InnoDB: Compressed tables use zlib 1.3
2026-07-14 12:46:35 0 [Note] InnoDB: Number of pools: 1
2026-07-14 12:46:35 0 [Note] InnoDB: Using SSE2 crc32 instructions
2026-07-14 12:46:35 0 [Note] InnoDB: Initializing buffer pool, total size = 16M, instances = 1, chunk size = 16M
2026-07-14 12:46:35 0 [Note] InnoDB: Completed initialization of buffer pool
2026-07-14 12:46:35 0 [Note] InnoDB: Starting crash recovery from checkpoint LSN=418633
2026-07-14 12:46:36 0 [Note] InnoDB: 128 out of 128 rollback segments are active.
2026-07-14 12:46:36 0 [Note] InnoDB: Removed temporary tablespace data file: "ibtmp1"
2026-07-14 12:46:36 0 [Note] InnoDB: Creating shared tablespace for temporary tables
2026-07-14 12:46:36 0 [Note] InnoDB: Setting file 'C:\xampp\mysql\data\ibtmp1' size to 12 MB. Physically writing the file full; Please wait ...
2026-07-14 12:46:36 0 [Note] InnoDB: File 'C:\xampp\mysql\data\ibtmp1' size is now 12 MB.
2026-07-14 12:46:36 0 [Note] InnoDB: Waiting for purge to start
2026-07-14 12:46:36 0 [Note] InnoDB: 10.4.32 started; log sequence number 418642; transaction id 393
2026-07-14 12:46:36 0 [Note] InnoDB: Loading buffer pool(s) from C:\xampp\mysql\data\ib_buffer_pool
2026-07-14 12:46:36 0 [Note] Plugin 'FEEDBACK' is disabled.
2026-07-14 12:46:36 0 [Note] Server socket created on IP: '::'.
2026-07-14 12:47:04 0 [Note] Starting MariaDB 10.4.32-MariaDB source revision c4143f909528e3fab0677a28631d10389354c491 as process 14452
2026-07-14 12:47:04 0 [Note] InnoDB: Mutexes and rw_locks use Windows interlocked functions
2026-07-14 12:47:04 0 [Note] InnoDB: Uses event mutexes
2026-07-14 12:47:04 0 [Note] InnoDB: Compressed tables use zlib 1.3
2026-07-14 12:47:04 0 [Note] InnoDB: Number of pools: 1
2026-07-14 12:47:04 0 [Note] InnoDB: Using SSE2 crc32 instructions
2026-07-14 12:47:04 0 [Note] InnoDB: Initializing buffer pool, total size = 16M, instances = 1, chunk size = 16M
2026-07-14 12:47:04 0 [Note] InnoDB: Completed initialization of buffer pool
2026-07-14 12:47:04 0 [Note] InnoDB: Starting crash recovery from checkpoint LSN=418651
2026-07-14 12:47:05 0 [Note] InnoDB: 128 out of 128 rollback segments are active.
2026-07-14 12:47:05 0 [Note] InnoDB: Removed temporary tablespace data file: "ibtmp1"
2026-07-14 12:47:05 0 [Note] InnoDB: Creating shared tablespace for temporary tables
2026-07-14 12:47:05 0 [Note] InnoDB: Setting file 'C:\xampp\mysql\data\ibtmp1' size to 12 MB. Physically writing the file full; Please wait ...
2026-07-14 12:47:05 0 [Note] InnoDB: File 'C:\xampp\mysql\data\ibtmp1' size is now 12 MB.
2026-07-14 12:47:05 0 [Note] InnoDB: Waiting for purge to start
2026-07-14 12:47:05 0 [Note] InnoDB: 10.4.32 started; log sequence number 418660; transaction id 393
2026-07-14 12:47:05 0 [Note] InnoDB: Loading buffer pool(s) from C:\xampp\mysql\data\ib_buffer_pool
2026-07-14 12:47:05 0 [Note] Plugin 'FEEDBACK' is disabled.
2026-07-14 12:47:05 0 [Note] Server socket created on IP: '::'.
2026-07-20 20:33:22 0 [Note] Starting MariaDB 10.4.32-MariaDB source revision c4143f909528e3fab0677a28631d10389354c491 as process 12380
2026-07-20 20:33:22 0 [Note] InnoDB: Mutexes and rw_locks use Windows interlocked functions
2026-07-20 20:33:22 0 [Note] InnoDB: Uses event mutexes
2026-07-20 20:33:22 0 [Note] InnoDB: Compressed tables use zlib 1.3
2026-07-20 20:33:22 0 [Note] InnoDB: Number of pools: 1
2026-07-20 20:33:22 0 [Note] InnoDB: Using SSE2 crc32 instructions
2026-07-20 20:33:22 0 [Note] InnoDB: Initializing buffer pool, total size = 16M, instances = 1, chunk size = 16M
2026-07-20 20:33:22 0 [Note] InnoDB: Completed initialization of buffer pool
2026-07-20 20:33:22 0 [Note] InnoDB: Starting crash recovery from checkpoint LSN=418669
2026-07-20 20:33:22 0 [Note] InnoDB: 128 out of 128 rollback segments are active.
2026-07-20 20:33:22 0 [Note] InnoDB: Removed temporary tablespace data file: "ibtmp1"
2026-07-20 20:33:22 0 [Note] InnoDB: Creating shared tablespace for temporary tables
2026-07-20 20:33:22 0 [Note] InnoDB: Setting file 'C:\xampp\mysql\data\ibtmp1' size to 12 MB. Physically writing the file full; Please wait ...
2026-07-20 20:33:22 0 [Note] InnoDB: File 'C:\xampp\mysql\data\ibtmp1' size is now 12 MB.
2026-07-20 20:33:22 0 [Note] InnoDB: Waiting for purge to start
2026-07-20 20:33:22 0 [Note] InnoDB: 10.4.32 started; log sequence number 418678; transaction id 393
2026-07-20 20:33:22 0 [Note] InnoDB: Loading buffer pool(s) from C:\xampp\mysql\data\ib_buffer_pool
2026-07-20 20:33:22 0 [Note] Plugin 'FEEDBACK' is disabled.
2026-07-20 20:33:22 0 [Note] InnoDB: Buffer pool(s) load completed at 260720 20:33:22
2026-07-20 20:33:22 0 [Note] Server socket created on IP: '::'.
2026-07-21 19:56:44 0 [Note] Starting MariaDB 10.4.32-MariaDB source revision c4143f909528e3fab0677a28631d10389354c491 as process 7652
2026-07-21 19:56:44 0 [Note] InnoDB: Mutexes and rw_locks use Windows interlocked functions
2026-07-21 19:56:44 0 [Note] InnoDB: Uses event mutexes
2026-07-21 19:56:44 0 [Note] InnoDB: Compressed tables use zlib 1.3
2026-07-21 19:56:44 0 [Note] InnoDB: Number of pools: 1
2026-07-21 19:56:44 0 [Note] InnoDB: Using SSE2 crc32 instructions
2026-07-21 19:56:44 0 [Note] InnoDB: Initializing buffer pool, total size = 16M, instances = 1, chunk size = 16M
2026-07-21 19:56:44 0 [Note] InnoDB: Completed initialization of buffer pool
2026-07-21 19:56:44 0 [Note] InnoDB: Starting crash recovery from checkpoint LSN=418687
2026-07-21 19:56:44 0 [Note] InnoDB: 128 out of 128 rollback segments are active.
2026-07-21 19:56:44 0 [Note] InnoDB: Removed temporary tablespace data file: "ibtmp1"
2026-07-21 19:56:44 0 [Note] InnoDB: Creating shared tablespace for temporary tables
2026-07-21 19:56:44 0 [Note] InnoDB: Setting file 'C:\xampp\mysql\data\ibtmp1' size to 12 MB. Physically writing the file full; Please wait ...
2026-07-21 19:56:44 0 [Note] InnoDB: File 'C:\xampp\mysql\data\ibtmp1' size is now 12 MB.
2026-07-21 19:56:44 0 [Note] InnoDB: Waiting for purge to start
2026-07-21 19:56:44 0 [Note] InnoDB: 10.4.32 started; log sequence number 418696; transaction id 393
2026-07-21 19:56:44 0 [Note] InnoDB: Loading buffer pool(s) from C:\xampp\mysql\data\ib_buffer_pool
2026-07-21 19:56:44 0 [Note] Plugin 'FEEDBACK' is disabled.
2026-07-21 19:56:44 0 [Note] InnoDB: Buffer pool(s) load completed at 260721 19:56:44
2026-07-21 19:56:44 0 [Note] Server socket created on IP: '::'.
2026-07-22 20:04:51 0 [Note] Starting MariaDB 10.4.32-MariaDB source revision c4143f909528e3fab0677a28631d10389354c491 as process 7544
2026-07-22 20:04:51 0 [Note] InnoDB: Mutexes and rw_locks use Windows interlocked functions
2026-07-22 20:04:51 0 [Note] InnoDB: Uses event mutexes
2026-07-22 20:04:51 0 [Note] InnoDB: Compressed tables use zlib 1.3
2026-07-22 20:04:51 0 [Note] InnoDB: Number of pools: 1
2026-07-22 20:04:51 0 [Note] InnoDB: Using SSE2 crc32 instructions
2026-07-22 20:04:51 0 [Note] InnoDB: Initializing buffer pool, total size = 16M, instances = 1, chunk size = 16M
2026-07-22 20:04:51 0 [Note] InnoDB: Completed initialization of buffer pool
2026-07-22 20:04:51 0 [Note] InnoDB: Starting crash recovery from checkpoint LSN=418705
2026-07-22 20:04:51 0 [Note] InnoDB: 128 out of 128 rollback segments are active.
2026-07-22 20:04:51 0 [Note] InnoDB: Removed temporary tablespace data file: "ibtmp1"
2026-07-22 20:04:51 0 [Note] InnoDB: Creating shared tablespace for temporary tables
2026-07-22 20:04:51 0 [Note] InnoDB: Setting file 'C:\xampp\mysql\data\ibtmp1' size to 12 MB. Physically writing the file full; Please wait ...
2026-07-22 20:04:51 0 [Note] InnoDB: File 'C:\xampp\mysql\data\ibtmp1' size is now 12 MB.
2026-07-22 20:04:51 0 [Note] InnoDB: Waiting for purge to start
2026-07-22 20:04:51 0 [Note] InnoDB: 10.4.32 started; log sequence number 418714; transaction id 393
2026-07-22 20:04:51 0 [Note] InnoDB: Loading buffer pool(s) from C:\xampp\mysql\data\ib_buffer_pool
2026-07-22 20:04:51 0 [Note] Plugin 'FEEDBACK' is disabled.
2026-07-22 20:04:51 0 [Note] InnoDB: Buffer pool(s) load completed at 260722 20:04:51
2026-07-22 20:04:51 0 [Note] Server socket created on IP: '::'.
2026-07-22 20:05:04 0 [Note] Starting MariaDB 10.4.32-MariaDB source revision c4143f909528e3fab0677a28631d10389354c491 as process 12640
2026-07-22 20:05:04 0 [Note] InnoDB: Mutexes and rw_locks use Windows interlocked functions
2026-07-22 20:05:04 0 [Note] InnoDB: Uses event mutexes
2026-07-22 20:05:04 0 [Note] InnoDB: Compressed tables use zlib 1.3
2026-07-22 20:05:04 0 [Note] InnoDB: Number of pools: 1
2026-07-22 20:05:04 0 [Note] InnoDB: Using SSE2 crc32 instructions
2026-07-22 20:05:04 0 [Note] InnoDB: Initializing buffer pool, total size = 16M, instances = 1, chunk size = 16M
2026-07-22 20:05:04 0 [Note] InnoDB: Completed initialization of buffer pool
2026-07-22 20:05:04 0 [Note] InnoDB: 128 out of 128 rollback segments are active.
2026-07-22 20:05:04 0 [Note] InnoDB: Creating shared tablespace for temporary tables
2026-07-22 20:05:04 0 [Note] InnoDB: Setting file 'C:\xampp\mysql\data\ibtmp1' size to 12 MB. Physically writing the file full; Please wait ...
2026-07-22 20:05:04 0 [Note] InnoDB: File 'C:\xampp\mysql\data\ibtmp1' size is now 12 MB.
2026-07-22 20:05:04 0 [Note] InnoDB: Waiting for purge to start
2026-07-22 20:05:04 0 [Note] InnoDB: 10.4.32 started; log sequence number 418723; transaction id 393
2026-07-22 20:05:04 0 [Note] InnoDB: Loading buffer pool(s) from C:\xampp\mysql\data\ib_buffer_pool
2026-07-22 20:05:04 0 [Note] Plugin 'FEEDBACK' is disabled.
2026-07-22 20:05:04 0 [Note] Server socket created on IP: '::'.
2026-07-22 20:07:29 0 [Note] Starting MariaDB 10.4.32-MariaDB source revision c4143f909528e3fab0677a28631d10389354c491 as process 14864
2026-07-22 20:07:29 0 [Note] InnoDB: Mutexes and rw_locks use Windows interlocked functions
2026-07-22 20:07:29 0 [Note] InnoDB: Uses event mutexes
2026-07-22 20:07:29 0 [Note] InnoDB: Compressed tables use zlib 1.3
2026-07-22 20:07:29 0 [Note] InnoDB: Number of pools: 1
2026-07-22 20:07:29 0 [Note] InnoDB: Using SSE2 crc32 instructions
2026-07-22 20:07:29 0 [Note] InnoDB: Initializing buffer pool, total size = 16M, instances = 1, chunk size = 16M
2026-07-22 20:07:29 0 [Note] InnoDB: Completed initialization of buffer pool
2026-07-22 20:07:29 0 [Note] InnoDB: 128 out of 128 rollback segments are active.
2026-07-22 20:07:29 0 [Note] InnoDB: Creating shared tablespace for temporary tables
2026-07-22 20:07:29 0 [Note] InnoDB: Setting file 'C:\xampp\mysql\data\ibtmp1' size to 12 MB. Physically writing the file full; Please wait ...
2026-07-22 20:07:29 0 [Note] InnoDB: File 'C:\xampp\mysql\data\ibtmp1' size is now 12 MB.
2026-07-22 20:07:29 0 [Note] InnoDB: Waiting for purge to start
2026-07-22 20:07:29 0 [Note] InnoDB: 10.4.32 started; log sequence number 418732; transaction id 393
2026-07-22 20:07:29 0 [Note] InnoDB: Loading buffer pool(s) from C:\xampp\mysql\data\ib_buffer_pool
2026-07-22 20:07:29 0 [Note] Plugin 'FEEDBACK' is disabled.
2026-07-22 20:07:29 0 [Note] Server socket created on IP: '::'.
2026-07-22 20:07:29 0 [ERROR] Fatal error: Can't open and lock privilege tables: Incorrect file format 'db'
2026-07-22 20:07:29 0 [ERROR] Aborting
2026-07-22 20:08:46 0 [Note] Starting MariaDB 10.4.32-MariaDB source revision c4143f909528e3fab0677a28631d10389354c491 as process 11792
2026-07-22 20:08:46 0 [Note] InnoDB: Mutexes and rw_locks use Windows interlocked functions
2026-07-22 20:08:46 0 [Note] InnoDB: Uses event mutexes
2026-07-22 20:08:46 0 [Note] InnoDB: Compressed tables use zlib 1.3
2026-07-22 20:08:46 0 [Note] InnoDB: Number of pools: 1
2026-07-22 20:08:46 0 [Note] InnoDB: Using SSE2 crc32 instructions
2026-07-22 20:08:46 0 [Note] InnoDB: Initializing buffer pool, total size = 16M, instances = 1, chunk size = 16M
2026-07-22 20:08:46 0 [Note] InnoDB: Completed initialization of buffer pool
2026-07-22 20:08:46 0 [Note] InnoDB: 128 out of 128 rollback segments are active.
2026-07-22 20:08:46 0 [Note] InnoDB: Creating shared tablespace for temporary tables
2026-07-22 20:08:46 0 [Note] InnoDB: Setting file 'C:\xampp\mysql\data\ibtmp1' size to 12 MB. Physically writing the file full; Please wait ...
2026-07-22 20:08:46 0 [Note] InnoDB: File 'C:\xampp\mysql\data\ibtmp1' size is now 12 MB.
2026-07-22 20:08:46 0 [Note] InnoDB: 10.4.32 started; log sequence number 418741; transaction id 393
2026-07-22 20:08:46 0 [Note] InnoDB: Loading buffer pool(s) from C:\xampp\mysql\data\ib_buffer_pool
2026-07-22 20:08:46 0 [Note] Plugin 'FEEDBACK' is disabled.
2026-07-22 20:08:46 0 [Note] Server socket created on IP: '::'.
2026-07-22 20:08:46 0 [ERROR] Fatal error: Can't open and lock privilege tables: Incorrect file format 'db'
2026-07-22 20:08:46 0 [ERROR] Aborting
2026-07-22 20:09:05 0 [Note] Starting MariaDB 10.4.32-MariaDB source revision c4143f909528e3fab0677a28631d10389354c491 as process 11252
2026-07-22 20:09:05 0 [Note] InnoDB: Mutexes and rw_locks use Windows interlocked functions
2026-07-22 20:09:05 0 [Note] InnoDB: Uses event mutexes
2026-07-22 20:09:05 0 [Note] InnoDB: Compressed tables use zlib 1.3
2026-07-22 20:09:05 0 [Note] InnoDB: Number of pools: 1
2026-07-22 20:09:05 0 [Note] InnoDB: Using SSE2 crc32 instructions
2026-07-22 20:09:05 0 [Note] InnoDB: Initializing buffer pool, total size = 16M, instances = 1, chunk size = 16M
2026-07-22 20:09:05 0 [Note] InnoDB: Completed initialization of buffer pool
2026-07-22 20:09:06 0 [Note] InnoDB: 128 out of 128 rollback segments are active.
2026-07-22 20:09:06 0 [Note] InnoDB: Creating shared tablespace for temporary tables
2026-07-22 20:09:06 0 [Note] InnoDB: Setting file 'C:\xampp\mysql\data\ibtmp1' size to 12 MB. Physically writing the file full; Please wait ...
2026-07-22 20:09:06 0 [Note] InnoDB: File 'C:\xampp\mysql\data\ibtmp1' size is now 12 MB.
2026-07-22 20:09:06 0 [Note] InnoDB: Waiting for purge to start
2026-07-22 20:09:06 0 [Note] InnoDB: 10.4.32 started; log sequence number 418750; transaction id 393
2026-07-22 20:09:06 0 [Note] InnoDB: Loading buffer pool(s) from C:\xampp\mysql\data\ib_buffer_pool
2026-07-22 20:09:06 0 [Note] Plugin 'FEEDBACK' is disabled.
2026-07-22 20:09:06 0 [Note] Server socket created on IP: '::'.
2026-07-22 20:09:06 0 [ERROR] Fatal error: Can't open and lock privilege tables: Incorrect file format 'db'
2026-07-22 20:09:06 0 [ERROR] Aborting
2026-07-22 20:09:57 0 [Note] Starting MariaDB 10.4.32-MariaDB source revision c4143f909528e3fab0677a28631d10389354c491 as process 2220
2026-07-22 20:09:57 0 [Note] InnoDB: Mutexes and rw_locks use Windows interlocked functions
2026-07-22 20:09:57 0 [Note] InnoDB: Uses event mutexes
2026-07-22 20:09:57 0 [Note] InnoDB: Compressed tables use zlib 1.3
2026-07-22 20:09:57 0 [Note] InnoDB: Number of pools: 1
2026-07-22 20:09:57 0 [Note] InnoDB: Using SSE2 crc32 instructions
2026-07-22 20:09:57 0 [Note] InnoDB: Initializing buffer pool, total size = 16M, instances = 1, chunk size = 16M
2026-07-22 20:09:57 0 [Note] InnoDB: Completed initialization of buffer pool
2026-07-22 20:09:57 0 [Note] InnoDB: 128 out of 128 rollback segments are active.
2026-07-22 20:09:57 0 [Note] InnoDB: Creating shared tablespace for temporary tables
2026-07-22 20:09:57 0 [Note] InnoDB: Setting file 'C:\xampp\mysql\data\ibtmp1' size to 12 MB. Physically writing the file full; Please wait ...
2026-07-22 20:09:57 0 [Note] InnoDB: File 'C:\xampp\mysql\data\ibtmp1' size is now 12 MB.
2026-07-22 20:09:57 0 [Note] InnoDB: Waiting for purge to start
2026-07-22 20:09:58 0 [Note] InnoDB: 10.4.32 started; log sequence number 418759; transaction id 393
2026-07-22 20:09:58 0 [Note] InnoDB: Loading buffer pool(s) from C:\xampp\mysql\data\ib_buffer_pool
2026-07-22 20:09:58 0 [Note] Plugin 'FEEDBACK' is disabled.
2026-07-22 20:09:58 0 [Note] Server socket created on IP: '::'.
2026-07-22 20:10:02 0 [Note] Starting MariaDB 10.4.32-MariaDB source revision c4143f909528e3fab0677a28631d10389354c491 as process 12476
2026-07-22 20:10:02 0 [Note] InnoDB: Mutexes and rw_locks use Windows interlocked functions
2026-07-22 20:10:02 0 [Note] InnoDB: Uses event mutexes
2026-07-22 20:10:02 0 [Note] InnoDB: Compressed tables use zlib 1.3
2026-07-22 20:10:02 0 [Note] InnoDB: Number of pools: 1
2026-07-22 20:10:02 0 [Note] InnoDB: Using SSE2 crc32 instructions
2026-07-22 20:10:02 0 [Note] InnoDB: Initializing buffer pool, total size = 16M, instances = 1, chunk size = 16M
2026-07-22 20:10:02 0 [Note] InnoDB: Completed initialization of buffer pool
2026-07-22 20:10:02 0 [Note] InnoDB: 128 out of 128 rollback segments are active.
2026-07-22 20:10:02 0 [Note] InnoDB: Creating shared tablespace for temporary tables
2026-07-22 20:10:02 0 [Note] InnoDB: Setting file 'C:\xampp\mysql\data\ibtmp1' size to 12 MB. Physically writing the file full; Please wait ...
2026-07-22 20:10:02 0 [Note] InnoDB: File 'C:\xampp\mysql\data\ibtmp1' size is now 12 MB.
2026-07-22 20:10:02 0 [Note] InnoDB: Waiting for purge to start
2026-07-22 20:10:02 0 [Note] InnoDB: 10.4.32 started; log sequence number 418768; transaction id 393
2026-07-22 20:10:02 0 [Note] InnoDB: Loading buffer pool(s) from C:\xampp\mysql\data\ib_buffer_pool
2026-07-22 20:10:02 0 [Note] Plugin 'FEEDBACK' is disabled.
2026-07-22 20:10:02 0 [Note] Server socket created on IP: '::'.
